# Généré par npm run generate-sitemap — ne pas modifier à la main.
# Redirige les anciennes URLs /gamme/:id/:nom vers les URLs en slug.
    ~^/gamme/1(/.*)?$  /gamme/toile-enfourneur;
    ~^/gamme/2(/.*)?$  /gamme/toile-de-couche;
    ~^/gamme/3(/.*)?$  /gamme/tapis-de-faconneuse;
    ~^/gamme/4(/.*)?$  /gamme/tapis-de-laminoir;
    ~^/gamme/5(/.*)?$  /gamme/toile-de-repose-patons;
    ~^/gamme/6(/.*)?$  /gamme/tapis-de-transport;
    ~^/gamme/7(/.*)?$  /gamme/housse-a-chariot;
    ~^/gamme/8(/.*)?$  /gamme/manche-a-farine;
    ~^/gamme/9(/.*)?$  /gamme/feutre-industriel;
    ~^/gamme/10(/.*)?$  /gamme/bande-de-boulage;
    ~^/gamme/11(/.*)?$  /gamme/bande-de-peseuses-diviseuses;
    ~^/gamme/12(/.*)?$  /gamme/bande-de-trancheuse;
    ~^/gamme/13(/.*)?$  /gamme/enfourneur;
    ~^/gamme/14(/.*)?$  /gamme/elevateur-ciseaux;
    ~^/gamme/15(/.*)?$  /gamme/elevateur-colonne;
    ~^/gamme/16(/.*)?$  /gamme/elevateur-colonne-automatique;
    ~^/gamme/17(/.*)?$  /gamme/elevateur-integre;
    ~^/gamme/18(/.*)?$  /gamme/sechoir-a-couche-mural;
    ~^/gamme/19(/.*)?$  /gamme/grille-inox;
    ~^/gamme/20(/.*)?$  /gamme/bande-entree-de-four;
    ~^/gamme/21(/.*)?$  /gamme/bande-d-ecarteuse;
    ~^/gamme/22(/.*)?$  /gamme/bande-pour-chocolaterie;
    ~^/gamme/23(/.*)?$  /gamme/jonction-de-bande-sur-site;
    ~^/gamme/25(/.*)?$  /gamme/transipat;
    ~^/gamme/27(/.*)?$  /gamme/montage-d-elevateur-enfourneur;
    ~^/gamme/28(/.*)?$  /gamme/treteau-inox;
    ~^/gamme/29(/.*)?$  /gamme/barre-de-toile;
    ~^/gamme/30(/.*)?$  /gamme/bande-pour-biscuiterie;
    ~^/gamme/31(/.*)?$  /gamme/toile-de-balancelle;
    ~^/gamme/32(/.*)?$  /gamme/manchon;
    ~^/gamme/33(/.*)?$  /gamme/bande-arcot-tissus;
    ~^/gamme/34(/.*)?$  /gamme/bande-arvinyl-pvc;
    ~^/gamme/35(/.*)?$  /gamme/bande-arure-pu;
    ~^/gamme/36(/.*)?$  /gamme/bande-faconnage;
    ~^/gamme/37(/.*)?$  /gamme/bande-argrip-adherente;
    ~^/gamme/38(/.*)?$  /gamme/sechoir-a-couche-pour-chariot;
